services/analyticsService.ts(1,10): error TS2305: Module '"./firestoreService"' has no exported member 'getDailyReport'.
services/analyticsService.ts(1,26): error TS2305: Module '"./firestoreService"' has no exported member 'saveDailyReport'.
